1  diff_coffs
2  diff_coffs
3  diff_coffs
4  diff_coffs
5  diff_coffs
6  diff_coffs
7  diff_coffs
8  diff_coffs
9  diff_coffs
10  diff_coffs
11  diff_coffs
12  diff_coffs
13  diff_coffs
14  diff_coffs
15  diff_coffs
16  diff_coffs
17  diff_coffs
18  diff_coffs
19  diff_coffs
20  diff_coffs
21  diff_coffs
22  diff_coffs
23  diff_coffs
24  diff_coffs
25  diff_coffs
26  diff_coffs
27  diff_coffs
28  diff_coffs
29  diff_coffs
30  diff_coffs
31  diff_coffs
32  diff_coffs
33  diff_coffs
34  diff_coffs
35  diff_coffs
36  diff_coffs
37  diff_coffs
38  diff_coffs
39  diff_coffs
40  diff_coffs
41  diff_coffs
42  diff_coffs
43  diff_coffs
44  diff_coffs
45  diff_coffs
46  diff_coffs
47  diff_coffs
48  diff_coffs
49  diff_coffs
50  diff_coffs
51  diff_coffs
52  diff_coffs
53  diff_coffs
54  diff_coffs
55  diff_coffs
56  diff_coffs
57  diff_coffs
58  diff_coffs
59  diff_coffs
60  diff_coffs
61  diff_coffs
62  diff_coffs
63  diff_coffs
64  diff_coffs
65  diff_coffs
66  diff_coffs
67  diff_coffs
68  diff_coffs
69  diff_coffs
70  diff_coffs
71  diff_coffs
72  diff_coffs
73  diff_coffs
74  diff_coffs
75  diff_coffs
76  diff_coffs
77  diff_coffs
78  diff_coffs
79  diff_coffs
80  diff_coffs
81  diff_coffs
82  diff_coffs
83  diff_coffs
84  diff_coffs
85  diff_coffs
86  diff_coffs
87  diff_coffs
88  diff_coffs
89  diff_coffs
90  diff_coffs
91  diff_coffs
92  diff_coffs
93  diff_coffs
94  diff_coffs
95  diff_coffs
96  diff_coffs
97  diff_coffs
98  diff_coffs
99  diff_coffs
100  diff_coffs
101  diff_coffs
102  diff_coffs
103  diff_coffs
104  diff_coffs
105  region_rec_diffs
106  region_rec_diffs
107  region_rec_diffs
108  region_rec_diffs
109  region_rec_diffs
110  region_rec_diffs
111  region_rec_diffs
112  region_rec_diffs
113  region_rec_diffs
114  region_rec_diffs
115  region_rec_diffs
116  region_rec_diffs
117  region_rec_diffs
118  region_rec_diffs
119  region_rec_diffs
120  region_rec_diffs
121  region_rec_diffs
122  region_rec_diffs
123  region_rec_diffs
124  region_rec_diffs
125  region_rec_diffs
126  region_rec_diffs
127  region_rec_diffs
128  region_rec_diffs
129  region_rec_diffs
130  region_rec_diffs
131  region_rec_diffs
132  region_rec_diffs
133  region_rec_diffs
134  region_rec_diffs
135  region_rec_diffs
136  region_rec_diffs
137  region_rec_diffs
138  region_rec_diffs
139  region_rec_diffs
140  region_rec_diffs
141  region_rec_diffs
142  region_rec_diffs
143  region_rec_diffs
144  region_rec_diffs
145  region_rec_diffs
146  region_rec_diffs
147  region_rec_diffs
148  region_rec_diffs
149  region_rec_diffs
150  region_rec_diffs
151  region_rec_diffs
152  region_rec_diffs
153  region_rec_diffs
154  region_rec_diffs
155  region_rec_diffs
156  region_rec_diffs
157  region_rec_diffs
158  region_rec_diffs
159  region_rec_diffs
160  region_rec_diffs
161  region_rec_diffs
162  region_rec_diffs
163  region_rec_diffs
164  region_rec_diffs
165  region_rec_diffs
166  region_rec_diffs
167  region_rec_diffs
168  region_rec_diffs
169  region_rec_diffs
170  region_rec_diffs
171  region_rec_diffs
172  region_rec_diffs
173  region_rec_diffs
174  region_rec_diffs
175  region_rec_diffs
176  region_rec_diffs
177  region_rec_diffs
178  region_rec_diffs
179  region_rec_diffs
180  region_rec_diffs
181  region_rec_diffs
182  region_rec_diffs
183  region_rec_diffs
184  region_rec_diffs
185  region_rec_diffs
186  region_rec_diffs
187  region_rec_diffs
188  region_rec_diffs
189  region_rec_diffs
190  region_rec_diffs
191  region_rec_diffs
192  region_rec_diffs
193  region_rec_diffs
194  region_rec_diffs
195  region_rec_diffs
196  region_rec_diffs
197  region_rec_diffs
198  region_rec_diffs
199  region_rec_diffs
200  region_rec_diffs
201  region_rec_diffs
202  region_rec_diffs
203  region_rec_diffs
204  region_rec_diffs
205  region_rec_diffs
206  region_rec_diffs
207  region_rec_diffs
208  region_rec_diffs
209  region_rec_diffs
210  region_rec_diffs
211  region_rec_diffs
212  region_rec_diffs
213  region_rec_diffs
214  region_rec_diffs
215  region_rec_diffs
216  region_rec_diffs
217  region_rec_diffs
218  region_rec_diffs
219  region_rec_diffs
220  region_rec_diffs
221  region_rec_diffs
222  region_rec_diffs
223  region_rec_diffs
224  region_rec_diffs
225  region_rec_diffs
226  region_rec_diffs
227  region_rec_diffs
228  region_rec_diffs
229  region_rec_diffs
230  region_rec_diffs
231  region_rec_diffs
232  region_rec_diffs
233  region_rec_diffs
234  region_rec_diffs
235  region_rec_diffs
236  region_rec_diffs
237  region_rec_diffs
238  region_rec_diffs
239  region_rec_diffs
240  region_rec_diffs
241  region_rec_diffs
242  region_rec_diffs
243  region_rec_diffs
244  region_rec_diffs
245  region_rec_diffs
246  region_rec_diffs
247  region_rec_diffs
248  region_rec_diffs
249  region_rec_diffs
250  region_rec_diffs
251  region_rec_diffs
252  region_rec_diffs
253  region_rec_diffs
254  region_rec_diffs
255  region_rec_diffs
256  region_rec_diffs
257  region_rec_diffs
258  region_rec_diffs
259  region_rec_diffs
260  region_rec_diffs
261  region_rec_diffs
262  region_rec_diffs
263  region_rec_diffs
264  region_rec_diffs
265  region_rec_diffs
266  region_rec_diffs
267  region_rec_diffs
268  region_rec_diffs
269  region_rec_diffs
270  region_rec_diffs
271  region_rec_diffs
272  region_rec_diffs
273  region_rec_diffs
274  region_rec_diffs
275  region_rec_diffs
276  region_rec_diffs
277  region_rec_diffs
278  region_rec_diffs
279  region_rec_diffs
280  region_rec_diffs
281  region_rec_diffs
282  region_rec_diffs
283  region_rec_diffs
284  region_rec_diffs
285  region_rec_diffs
286  region_rec_diffs
287  region_rec_diffs
288  region_rec_diffs
289  region_rec_diffs
290  region_rec_diffs
291  region_rec_diffs
292  region_rec_diffs
293  region_rec_diffs
294  region_rec_diffs
295  region_rec_diffs
296  region_rec_diffs
297  region_rec_diffs
298  region_rec_diffs
299  region_rec_diffs
300  region_rec_diffs
301  region_rec_diffs
302  region_rec_diffs
303  region_rec_diffs
304  region_rec_diffs
305  region_rec_diffs
306  region_rec_diffs
307  region_rec_diffs
308  region_rec_diffs
309  region_rec_diffs
310  region_rec_diffs
311  region_rec_diffs
312  region_rec_diffs
313  region_rec_diffs
314  region_rec_diffs
315  region_rec_diffs
316  region_rec_diffs
317  region_rec_diffs
318  region_rec_diffs
319  region_rec_diffs
320  region_rec_diffs
321  region_rec_diffs
322  region_rec_diffs
323  region_rec_diffs
324  region_rec_diffs
325  region_rec_diffs
326  region_rec_diffs
327  region_rec_diffs
328  region_rec_diffs
329  region_rec_diffs
330  region_rec_diffs
331  region_rec_diffs
332  region_rec_diffs
333  region_rec_diffs
334  region_rec_diffs
335  region_rec_diffs
336  region_rec_diffs
337  region_rec_diffs
338  region_rec_diffs
339  region_rec_diffs
340  region_rec_diffs
341  region_rec_diffs
342  region_rec_diffs
343  region_rec_diffs
344  region_rec_diffs
345  region_rec_diffs
346  region_rec_diffs
347  region_rec_diffs
348  region_rec_diffs
349  region_rec_diffs
350  region_rec_diffs
351  region_rec_diffs
352  region_rec_diffs
353  region_rec_diffs
354  region_rec_diffs
355  region_rec_diffs
356  region_rec_diffs
357  region_rec_diffs
358  region_rec_diffs
359  region_rec_diffs
360  region_rec_diffs
361  region_rec_diffs
362  region_rec_diffs
363  region_rec_diffs
364  region_rec_diffs
365  region_rec_diffs
366  region_rec_diffs
367  region_rec_diffs
368  region_rec_diffs
369  region_rec_diffs
370  region_rec_diffs
371  region_rec_diffs
372  region_rec_diffs
373  region_rec_diffs
374  region_rec_diffs
375  region_rec_diffs
376  region_rec_diffs
377  region_rec_diffs
378  region_rec_diffs
379  region_rec_diffs
380  region_rec_diffs
381  region_rec_diffs
382  region_rec_diffs
383  region_rec_diffs
384  region_rec_diffs
385  region_rec_diffs
386  region_rec_diffs
387  region_rec_diffs
388  region_rec_diffs
389  region_rec_diffs
390  region_rec_diffs
391  region_rec_diffs
392  region_rec_diffs
393  region_rec_diffs
394  region_rec_diffs
395  region_rec_diffs
396  region_rec_diffs
397  region_rec_diffs
398  region_rec_diffs
399  region_rec_diffs
400  region_rec_diffs
401  region_rec_diffs
402  region_rec_diffs
403  region_rec_diffs
404  region_rec_diffs
405  region_rec_diffs
406  region_rec_diffs
407  region_rec_diffs
408  region_rec_diffs
409  region_rec_diffs
410  region_rec_diffs
411  region_rec_diffs
412  region_rec_diffs
413  region_rec_diffs
414  region_rec_diffs
415  region_rec_diffs
416  region_rec_diffs
417  region_rec_diffs
418  region_rec_diffs
419  region_rec_diffs
420  region_rec_diffs
421  region_rec_diffs
422  region_rec_diffs
423  region_rec_diffs
424  region_rec_diffs
425  region_rec_diffs
426  region_rec_diffs
427  region_rec_diffs
428  region_rec_diffs
429  region_rec_diffs
430  region_rec_diffs
431  region_rec_diffs
432  region_rec_diffs
433  region_rec_diffs
434  region_rec_diffs
435  region_rec_diffs
436  region_rec_diffs
437  region_rec_diffs
438  region_rec_diffs
439  region_rec_diffs
440  region_rec_diffs
441  region_rec_diffs
442  region_rec_diffs
443  region_rec_diffs
444  region_rec_diffs
445  region_rec_diffs
446  region_rec_diffs
447  region_rec_diffs
448  region_rec_diffs
449  region_rec_diffs
450  region_rec_diffs
451  region_rec_diffs
452  region_rec_diffs
453  region_rec_diffs
454  region_rec_diffs
455  region_rec_diffs
456  region_rec_diffs
457  region_rec_diffs
458  region_rec_diffs
459  region_rec_diffs
460  region_rec_diffs
461  region_rec_diffs
462  region_rec_diffs
463  region_rec_diffs
464  region_rec_diffs
465  region_rec_diffs
466  region_rec_diffs
467  region_rec_diffs
468  region_rec_diffs
469  region_rec_diffs
470  region_rec_diffs
471  region_rec_diffs
472  region_rec_diffs
473  region_rec_diffs
474  region_rec_diffs
475  region_rec_diffs
476  region_rec_diffs
477  region_rec_diffs
478  region_rec_diffs
479  region_rec_diffs
480  region_rec_diffs
481  region_rec_diffs
482  region_rec_diffs
483  region_rec_diffs
484  region_rec_diffs
485  region_rec_diffs
486  region_rec_diffs
487  region_rec_diffs
488  region_rec_diffs
489  region_rec_diffs
490  region_rec_diffs
491  region_rec_diffs
492  region_rec_diffs
493  region_rec_diffs
494  region_rec_diffs
495  region_rec_diffs
496  region_rec_diffs
497  region_rec_diffs
498  region_rec_diffs
499  region_rec_diffs
500  region_rec_diffs
501  region_rec_diffs
502  region_rec_diffs
503  region_rec_diffs
504  region_rec_diffs
505  region_rec_diffs
506  region_rec_diffs
507  region_rec_diffs
508  region_rec_diffs
509  region_rec_diffs
510  region_rec_diffs
511  region_rec_diffs
512  region_rec_diffs
513  region_rec_diffs
514  region_rec_diffs
515  region_rec_diffs
516  region_rec_diffs
517  region_rec_diffs
518  region_rec_diffs
519  region_rec_diffs
520  region_rec_diffs
521  region_rec_diffs
522  region_rec_diffs
523  region_rec_diffs
524  region_rec_diffs
525  region_rec_diffs
526  region_rec_diffs
527  region_rec_diffs
528  region_rec_diffs
529  region_rec_diffs
530  region_rec_diffs
531  region_rec_diffs
532  region_rec_diffs
533  region_rec_diffs
534  region_rec_diffs
535  region_rec_diffs
536  region_rec_diffs
537  region_rec_diffs
538  region_rec_diffs
539  region_rec_diffs
540  region_rec_diffs
541  region_rec_diffs
542  region_rec_diffs
543  region_rec_diffs
544  region_rec_diffs
545  region_rec_diffs
546  region_rec_diffs
547  region_rec_diffs
548  region_rec_diffs
549  region_rec_diffs
550  region_rec_diffs
551  region_rec_diffs
552  region_rec_diffs
553  region_rec_diffs
554  region_rec_diffs
555  region_rec_diffs
556  region_rec_diffs
557  region_rec_diffs
558  region_rec_diffs
559  region_rec_diffs
560  region_rec_diffs
561  region_rec_diffs
562  region_rec_diffs
563  region_rec_diffs
564  region_rec_diffs
565  region_rec_diffs
566  region_rec_diffs
567  region_rec_diffs
568  region_rec_diffs
569  region_rec_diffs
570  region_rec_diffs
571  region_rec_diffs
572  region_rec_diffs
573  region_rec_diffs
574  region_rec_diffs
575  region_rec_diffs
576  region_rec_diffs
577  region_rec_diffs
578  region_rec_diffs
579  region_rec_diffs
580  region_rec_diffs
581  region_rec_diffs
582  region_rec_diffs
583  region_rec_diffs
584  region_rec_diffs
585  region_rec_diffs
586  region_rec_diffs
587  region_rec_diffs
588  region_rec_diffs
589  region_rec_diffs
590  region_rec_diffs
591  region_rec_diffs
592  region_rec_diffs
593  region_rec_diffs
594  region_rec_diffs
595  region_rec_diffs
596  region_rec_diffs
597  region_rec_diffs
598  region_rec_diffs
599  region_rec_diffs
600  region_rec_diffs
601  region_rec_diffs
602  region_rec_diffs
603  region_rec_diffs
604  region_rec_diffs
605  region_rec_diffs
606  region_rec_diffs
607  region_rec_diffs
608  region_rec_diffs
609  region_rec_diffs
610  region_rec_diffs
611  region_rec_diffs
612  region_rec_diffs
613  region_rec_diffs
614  region_rec_diffs
615  region_rec_diffs
616  region_rec_diffs
617  region_rec_diffs
618  region_rec_diffs
619  region_rec_diffs
620  region_rec_diffs
621  region_rec_diffs
622  region_rec_diffs
623  region_rec_diffs
624  region_rec_diffs
625  region_rec_diffs
626  region_rec_diffs
627  region_rec_diffs
628  region_rec_diffs
629  region_rec_diffs
630  region_rec_diffs
631  region_rec_diffs
632  region_rec_diffs
633  region_rec_diffs
634  region_rec_diffs
635  region_rec_diffs
636  region_rec_diffs
637  region_rec_diffs
638  region_rec_diffs
639  region_rec_diffs
640  region_rec_diffs
641  region_rec_diffs
642  region_rec_diffs
643  region_rec_diffs
644  region_rec_diffs
645  region_rec_diffs
646  region_rec_diffs
647  region_rec_diffs
648  region_rec_diffs
649  region_rec_diffs
650  region_rec_diffs
651  region_rec_diffs
652  region_rec_diffs
653  region_rec_diffs
654  region_rec_diffs
655  region_rec_diffs
656  region_rec_diffs
657  region_rec_diffs
658  region_rec_diffs
659  region_rec_diffs
660  region_rec_diffs
661  region_rec_diffs
662  region_rec_diffs
663  region_rec_diffs
664  region_rec_diffs
665  region_rec_diffs
666  region_rec_diffs
667  region_rec_diffs
668  region_rec_diffs
669  region_rec_diffs
670  region_rec_diffs
671  region_rec_diffs
672  region_rec_diffs
673  region_rec_diffs
674  region_rec_diffs
675  region_rec_diffs
676  region_rec_diffs
677  region_rec_diffs
678  region_rec_diffs
679  region_rec_diffs
680  region_rec_diffs
681  region_rec_diffs
682  region_rec_diffs
683  region_rec_diffs
684  region_rec_diffs
685  region_rec_diffs
686  region_rec_diffs
687  region_rec_diffs
688  region_rec_diffs
689  region_rec_diffs
690  region_rec_diffs
691  region_rec_diffs
692  region_rec_diffs
693  region_rec_diffs
694  region_rec_diffs
695  region_rec_diffs
696  region_rec_diffs
697  region_rec_diffs
698  region_rec_diffs
699  region_rec_diffs
700  region_rec_diffs
701  region_rec_diffs
702  region_rec_diffs
703  region_rec_diffs
704  region_rec_diffs
705  region_rec_diffs
706  region_rec_diffs
707  region_rec_diffs
708  region_rec_diffs
709  region_rec_diffs
710  region_rec_diffs
711  region_rec_diffs
712  region_rec_diffs
713  region_rec_diffs
714  region_rec_diffs
715  region_rec_diffs
716  region_rec_diffs
717  region_rec_diffs
718  region_rec_diffs
719  region_rec_diffs
720  region_rec_diffs
721  region_rec_diffs
722  region_rec_diffs
723  region_rec_diffs
724  region_rec_diffs
725  region_rec_diffs
726  region_rec_diffs
727  region_rec_diffs
728  region_rec_diffs
729  region_rec_diffs
730  region_rec_diffs
731  region_rec_diffs
732  region_rec_diffs
733  region_rec_diffs
734  region_rec_diffs
735  region_rec_diffs
736  region_rec_diffs
737  region_rec_diffs
738  region_rec_diffs
739  region_rec_diffs
740  region_rec_diffs
741  region_rec_diffs
742  region_rec_diffs
743  region_rec_diffs
744  region_rec_diffs
745  region_rec_diffs
746  region_rec_diffs
747  region_rec_diffs
748  region_rec_diffs
749  region_rec_diffs
750  region_rec_diffs
751  region_rec_diffs
752  region_rec_diffs
753  region_rec_diffs
754  region_rec_diffs
755  region_rec_diffs
756  region_rec_diffs
757  region_rec_diffs
758  region_rec_diffs
759  region_rec_diffs
760  region_rec_diffs
761  region_rec_diffs
762  region_rec_diffs
763  region_rec_diffs
764  region_rec_diffs
765  region_rec_diffs
766  region_rec_diffs
767  region_rec_diffs
768  region_rec_diffs
769  region_rec_diffs
770  region_rec_diffs
771  region_rec_diffs
772  region_rec_diffs
773  region_rec_diffs
774  region_rec_diffs
775  region_rec_diffs
776  region_rec_diffs
777  region_rec_diffs
778  region_rec_diffs
779  region_rec_diffs
780  region_rec_diffs
781  region_rec_diffs
782  region_rec_diffs
783  region_rec_diffs
784  region_rec_diffs
785  region_rec_diffs
786  region_rec_diffs
787  region_rec_diffs
788  region_rec_diffs
789  region_rec_diffs
790  region_rec_diffs
791  region_rec_diffs
792  region_rec_diffs
793  region_rec_diffs
794  region_rec_diffs
795  region_rec_diffs
796  region_rec_diffs
797  region_rec_diffs
798  region_rec_diffs
799  region_rec_diffs
800  region_rec_diffs
801  region_rec_diffs
802  region_rec_diffs
803  region_rec_diffs
804  region_rec_diffs
805  region_rec_diffs
806  region_rec_diffs
807  region_rec_diffs
808  region_rec_diffs
809  region_rec_diffs
810  region_rec_diffs
811  region_rec_diffs
812  region_rec_diffs
813  region_rec_diffs
814  region_rec_diffs
815  region_rec_diffs
816  region_rec_diffs
817  region_rec_diffs
818  region_rec_diffs
819  region_rec_diffs
820  region_rec_diffs
821  region_rec_diffs
822  region_rec_diffs
823  region_rec_diffs
824  region_rec_diffs
825  region_rec_diffs
826  region_rec_diffs
827  region_rec_diffs
828  region_rec_diffs
829  region_rec_diffs
830  region_rec_diffs
831  region_rec_diffs
832  region_rec_diffs
833  region_rec_diffs
834  region_rec_diffs
835  region_rec_diffs
836  region_rec_diffs
837  region_rec_diffs
838  region_rec_diffs
839  region_rec_diffs
840  region_rec_diffs
841  region_rec_diffs
842  region_rec_diffs
843  region_rec_diffs
844  region_rec_diffs
845  region_rec_diffs
846  region_rec_diffs
847  region_rec_diffs
848  region_rec_diffs
849  region_rec_diffs
850  region_rec_diffs
851  region_rec_diffs
852  region_rec_diffs
853  region_rec_diffs
854  region_rec_diffs
855  region_rec_diffs
856  region_rec_diffs
857  region_rec_diffs
858  region_rec_diffs
859  region_rec_diffs
860  region_rec_diffs
861  region_rec_diffs
862  region_rec_diffs
863  region_rec_diffs
864  region_rec_diffs
865  region_rec_diffs
866  region_rec_diffs
867  region_rec_diffs
868  region_rec_diffs
869  region_rec_diffs
870  region_rec_diffs
871  region_rec_diffs
872  region_rec_diffs
873  region_rec_diffs
874  region_rec_diffs
875  region_rec_diffs
876  region_rec_diffs
877  region_rec_diffs
878  region_rec_diffs
879  region_rec_diffs
880  region_rec_diffs
881  region_rec_diffs
882  region_rec_diffs
883  region_rec_diffs
884  region_rec_diffs
885  region_rec_diffs
886  region_rec_diffs
887  region_rec_diffs
888  region_rec_diffs
889  region_rec_diffs
890  region_rec_diffs
891  region_rec_diffs
892  region_rec_diffs
893  region_rec_diffs
894  region_rec_diffs
895  region_rec_diffs
896  region_rec_diffs
897  region_rec_diffs
898  region_rec_diffs
899  region_rec_diffs
900  region_rec_diffs
901  region_rec_diffs
902  region_rec_diffs
903  region_rec_diffs
904  region_rec_diffs
905  region_rec_diffs
906  region_rec_diffs
907  region_rec_diffs
908  region_rec_diffs
909  region_rec_diffs
910  region_rec_diffs
911  region_rec_diffs
912  region_rec_diffs
913  region_rec_diffs
914  region_rec_diffs
915  region_rec_diffs
916  region_rec_diffs
917  region_rec_diffs
918  region_rec_diffs
919  region_rec_diffs
920  region_rec_diffs
921  region_rec_diffs
922  region_rec_diffs
923  region_rec_diffs
924  region_rec_diffs
925  region_rec_diffs
926  region_rec_diffs
927  region_rec_diffs
928  region_rec_diffs
929  region_rec_diffs
930  region_rec_diffs
931  region_rec_diffs
932  region_rec_diffs
933  region_rec_diffs
934  region_rec_diffs
935  region_rec_diffs
936  region_rec_diffs
937  region_rec_diffs
938  region_rec_diffs
939  region_rec_diffs
940  region_rec_diffs
941  region_rec_diffs
942  region_rec_diffs
943  region_rec_diffs
944  region_rec_diffs
945  region_rec_diffs
946  region_rec_diffs
947  region_rec_diffs
948  region_rec_diffs
949  region_rec_diffs
950  region_rec_diffs
951  region_rec_diffs
952  region_rec_diffs
953  region_rec_diffs
954  region_rec_diffs
955  region_rec_diffs
956  region_rec_diffs
957  region_rec_diffs
958  region_rec_diffs
959  region_rec_diffs
960  region_rec_diffs
961  region_rec_diffs
962  region_rec_diffs
963  region_rec_diffs
964  region_rec_diffs
965  region_rec_diffs
966  region_rec_diffs
967  region_rec_diffs
968  region_rec_diffs
969  region_rec_diffs
970  region_rec_diffs
971  region_rec_diffs
972  region_rec_diffs
973  region_rec_diffs
974  region_rec_diffs
975  region_rec_diffs
976  region_rec_diffs
977  region_rec_diffs
978  region_rec_diffs
979  region_rec_diffs
980  region_rec_diffs
981  region_rec_diffs
982  region_rec_diffs
983  region_rec_diffs
984  region_rec_diffs
985  region_rec_diffs
986  region_rec_diffs
987  region_rec_diffs
988  region_rec_diffs
989  region_rec_diffs
990  region_rec_diffs
991  region_rec_diffs
992  region_rec_diffs
993  region_rec_diffs
994  region_rec_diffs
995  region_rec_diffs
996  region_rec_diffs
997  region_rec_diffs
998  region_rec_diffs
999  region_rec_diffs
1000  region_rec_diffs
1001  region_rec_diffs
1002  region_rec_diffs
1003  region_rec_diffs
1004  region_rec_diffs
1005  region_rec_diffs
1006  region_rec_diffs
1007  region_rec_diffs
1008  region_rec_diffs
1009  region_rec_diffs
1010  region_rec_diffs
1011  region_rec_diffs
1012  region_rec_diffs
1013  region_rec_diffs
1014  region_rec_diffs
1015  region_rec_diffs
1016  region_rec_diffs
1017  region_rec_diffs
1018  region_rec_diffs
1019  region_rec_diffs
1020  region_rec_diffs
1021  region_rec_diffs
1022  region_rec_diffs
1023  region_rec_diffs
1024  region_rec_diffs
1025  region_rec_diffs
1026  region_rec_diffs
1027  region_rec_diffs
1028  region_rec_diffs
1029  region_rec_diffs
1030  region_rec_diffs
1031  region_rec_diffs
1032  region_rec_diffs
1033  region_rec_diffs
1034  region_rec_diffs
1035  region_rec_diffs
1036  region_rec_diffs
1037  region_rec_diffs
1038  region_rec_diffs
1039  region_rec_diffs
1040  region_rec_diffs
1041  region_rec_diffs
1042  region_rec_diffs
1043  region_rec_diffs
1044  region_rec_diffs
1045  region_rec_diffs
1046  region_rec_diffs
1047  region_rec_diffs
1048  region_rec_diffs
1049  region_rec_diffs
1050  region_rec_diffs
1051  region_rec_diffs
1052  region_rec_diffs
1053  region_rec_diffs
1054  region_rec_diffs
1055  region_rec_diffs
1056  region_rec_diffs
1057  region_rec_diffs
1058  region_rec_diffs
1059  region_rec_diffs
1060  region_rec_diffs
1061  region_rec_diffs
1062  region_rec_diffs
1063  region_rec_diffs
1064  region_rec_diffs
1065  region_rec_diffs
1066  region_rec_diffs
1067  region_rec_diffs
1068  region_rec_diffs
1069  region_rec_diffs
1070  region_rec_diffs
1071  region_rec_diffs
1072  region_rec_diffs
1073  region_rec_diffs
1074  region_rec_diffs
1075  region_rec_diffs
1076  region_rec_diffs
1077  region_rec_diffs
1078  region_rec_diffs
1079  region_rec_diffs
1080  region_rec_diffs
1081  region_rec_diffs
1082  region_rec_diffs
1083  region_rec_diffs
1084  region_rec_diffs
1085  region_rec_diffs
1086  region_rec_diffs
1087  region_rec_diffs
1088  region_rec_diffs
1089  region_rec_diffs
1090  region_rec_diffs
1091  region_rec_diffs
1092  region_rec_diffs
1093  region_rec_diffs
1094  region_rec_diffs
1095  region_rec_diffs
1096  region_rec_diffs
1097  region_rec_diffs
1098  region_rec_diffs
1099  region_rec_diffs
1100  region_rec_diffs
1101  region_rec_diffs
1102  region_rec_diffs
1103  region_rec_diffs
1104  region_rec_diffs
1105  region_rec_diffs
1106  region_rec_diffs
1107  region_rec_diffs
1108  region_rec_diffs
1109  region_rec_diffs
1110  region_rec_diffs
1111  region_rec_diffs
1112  region_rec_diffs
1113  region_rec_diffs
1114  region_rec_diffs
1115  region_rec_diffs
1116  region_rec_diffs
1117  region_rec_diffs
1118  region_rec_diffs
1119  region_rec_diffs
1120  region_rec_diffs
1121  region_rec_diffs
1122  region_rec_diffs
1123  region_rec_diffs
1124  region_rec_diffs
1125  region_rec_diffs
1126  region_rec_diffs
1127  region_rec_diffs
1128  region_rec_diffs
1129  region_rec_diffs
1130  region_rec_diffs
1131  region_rec_diffs
1132  region_rec_diffs
1133  region_rec_diffs
1134  region_rec_diffs
1135  region_rec_diffs
1136  region_rec_diffs
1137  region_rec_diffs
1138  region_rec_diffs
1139  region_rec_diffs
1140  region_rec_diffs
1141  region_rec_diffs
1142  region_rec_diffs
1143  region_rec_diffs
1144  region_rec_diffs
1145  region_rec_diffs
1146  region_rec_diffs
1147  region_rec_diffs
1148  region_rec_diffs
1149  region_rec_diffs
1150  region_rec_diffs
1151  region_rec_diffs
1152  region_rec_diffs
1153  region_rec_diffs
1154  region_rec_diffs
1155  region_rec_diffs
1156  region_rec_diffs
1157  region_rec_diffs
1158  region_rec_diffs
1159  region_rec_diffs
1160  region_rec_diffs
1161  region_rec_diffs
1162  region_rec_diffs
1163  region_rec_diffs
1164  region_rec_diffs
1165  region_rec_diffs
1166  region_rec_diffs
1167  region_rec_diffs
1168  region_rec_diffs
1169  region_rec_diffs
1170  region_rec_diffs
1171  region_rec_diffs
1172  region_rec_diffs
1173  region_rec_diffs
1174  region_rec_diffs
1175  region_rec_diffs
1176  region_rec_diffs
1177  region_rec_diffs
1178  region_rec_diffs
1179  region_rec_diffs
1180  region_rec_diffs
1181  region_rec_diffs
1182  region_rec_diffs
1183  region_rec_diffs
1184  region_rec_diffs
1185  region_rec_diffs
1186  region_rec_diffs
1187  region_rec_diffs
1188  region_rec_diffs
1189  region_rec_diffs
1190  region_rec_diffs
1191  region_rec_diffs
1192  region_rec_diffs
1193  region_rec_diffs
1194  region_rec_diffs
1195  region_rec_diffs
1196  region_rec_diffs
1197  region_rec_diffs
1198  region_rec_diffs
1199  region_rec_diffs
1200  region_rec_diffs
1201  region_rec_diffs
1202  region_rec_diffs
1203  region_rec_diffs
1204  region_rec_diffs
1205  region_rec_diffs
1206  region_rec_diffs
1207  region_rec_diffs
1208  region_rec_diffs
1209  region_rec_diffs
1210  region_rec_diffs
1211  region_rec_diffs
1212  region_rec_diffs
1213  region_rec_diffs
1214  region_rec_diffs
1215  region_rec_diffs
1216  region_rec_diffs
1217  region_rec_diffs
1218  region_rec_diffs
1219  region_rec_diffs
1220  region_rec_diffs
1221  region_rec_diffs
1222  region_rec_diffs
1223  region_rec_diffs
1224  region_rec_diffs
1225  region_rec_diffs
1226  region_rec_diffs
1227  region_rec_diffs
1228  region_rec_diffs
1229  region_rec_diffs
1230  region_rec_diffs
1231  region_rec_diffs
1232  region_rec_diffs
1233  region_rec_diffs
1234  region_rec_diffs
1235  region_rec_diffs
1236  region_rec_diffs
1237  region_rec_diffs
1238  region_rec_diffs
1239  region_rec_diffs
1240  region_rec_diffs
1241  region_rec_diffs
1242  region_rec_diffs
1243  region_rec_diffs
1244  region_rec_diffs
1245  region_rec_diffs
1246  region_rec_diffs
1247  region_rec_diffs
1248  region_rec_diffs
1249  region_rec_diffs
1250  region_rec_diffs
1251  region_rec_diffs
1252  region_rec_diffs
1253  region_rec_diffs
1254  region_rec_diffs
1255  region_rec_diffs
1256  region_rec_diffs
1257  region_rec_diffs
1258  region_rec_diffs
1259  region_rec_diffs
1260  region_rec_diffs
1261  region_rec_diffs
1262  region_rec_diffs
1263  region_rec_diffs
1264  region_rec_diffs
1265  region_rec_diffs
1266  region_rec_diffs
1267  region_rec_diffs
1268  region_rec_diffs
1269  region_rec_diffs
1270  region_rec_diffs
1271  region_rec_diffs
1272  region_rec_diffs
1273  region_rec_diffs
1274  region_rec_diffs
1275  region_rec_diffs
1276  region_rec_diffs
1277  region_rec_diffs
1278  region_rec_diffs
1279  region_rec_diffs
1280  region_rec_diffs
1281  region_rec_diffs
1282  region_rec_diffs
1283  region_rec_diffs
1284  region_rec_diffs
1285  region_rec_diffs
1286  region_rec_diffs
1287  region_rec_diffs
1288  region_rec_diffs
1289  region_rec_diffs
1290  region_rec_diffs
1291  region_rec_diffs
1292  region_rec_diffs
1293  region_rec_diffs
1294  region_rec_diffs
1295  region_rec_diffs
1296  region_rec_diffs
1297  region_rec_diffs
1298  region_rec_diffs
1299  region_rec_diffs
1300  region_rec_diffs
1301  region_rec_diffs
1302  region_rec_diffs
1303  region_rec_diffs
1304  region_rec_diffs
1305  region_rec_diffs
1306  region_rec_diffs
1307  region_rec_diffs
1308  region_rec_diffs
1309  region_rec_diffs
1310  region_rec_diffs
1311  region_rec_diffs
1312  region_rec_diffs
1313  region_rec_diffs
1314  region_rec_diffs
1315  region_rec_diffs
1316  region_rec_diffs
1317  region_rec_diffs
1318  region_rec_diffs
1319  region_rec_diffs
1320  region_rec_diffs
1321  region_rec_diffs
1322  region_rec_diffs
1323  region_rec_diffs
1324  region_rec_diffs
1325  region_rec_diffs
1326  region_rec_diffs
1327  region_rec_diffs
1328  region_rec_diffs
1329  region_rec_diffs
1330  region_rec_diffs
1331  region_rec_diffs
1332  region_rec_diffs
1333  region_rec_diffs
1334  region_rec_diffs
1335  region_rec_diffs
1336  region_rec_diffs
1337  region_rec_diffs
1338  region_rec_diffs
1339  region_rec_diffs
1340  region_rec_diffs
1341  region_rec_diffs
1342  region_rec_diffs
1343  region_rec_diffs
1344  region_rec_diffs
1345  region_rec_diffs
1346  region_rec_diffs
1347  region_rec_diffs
1348  region_rec_diffs
1349  region_rec_diffs
1350  region_rec_diffs
1351  region_rec_diffs
1352  region_rec_diffs
1353  region_rec_diffs
1354  region_rec_diffs
1355  region_rec_diffs
1356  region_rec_diffs
1357  region_rec_diffs
1358  region_rec_diffs
1359  region_rec_diffs
1360  region_rec_diffs
1361  region_rec_diffs
1362  region_rec_diffs
1363  region_rec_diffs
1364  region_rec_diffs
1365  region_rec_diffs
1366  region_rec_diffs
1367  region_rec_diffs
1368  region_rec_diffs
1369  region_rec_diffs
1370  region_rec_diffs
1371  region_rec_diffs
1372  region_rec_diffs
1373  region_rec_diffs
1374  region_rec_diffs
1375  region_rec_diffs
1376  region_rec_diffs
1377  region_rec_diffs
1378  region_rec_diffs
1379  region_rec_diffs
1380  region_rec_diffs
1381  region_rec_diffs
1382  region_rec_diffs
1383  region_rec_diffs
1384  region_rec_diffs
1385  region_rec_diffs
1386  region_rec_diffs
1387  region_rec_diffs
1388  region_rec_diffs
1389  region_rec_diffs
1390  region_rec_diffs
1391  region_rec_diffs
1392  region_rec_diffs
1393  region_rec_diffs
1394  region_rec_diffs
1395  region_rec_diffs
1396  region_rec_diffs
1397  region_rec_diffs
1398  region_rec_diffs
1399  region_rec_diffs
1400  region_rec_diffs
1401  region_rec_diffs
1402  region_rec_diffs
1403  region_rec_diffs
1404  region_rec_diffs
1405  region_rec_diffs
1406  region_rec_diffs
1407  region_rec_diffs
1408  region_rec_diffs
1409  region_rec_diffs
1410  region_rec_diffs
1411  region_rec_diffs
1412  region_rec_diffs
1413  region_rec_diffs
1414  region_rec_diffs
1415  region_rec_diffs
1416  region_rec_diffs
1417  region_rec_diffs
1418  region_rec_diffs
1419  region_rec_diffs
1420  region_rec_diffs
1421  region_rec_diffs
1422  region_rec_diffs
1423  region_rec_diffs
1424  region_rec_diffs
1425  region_rec_diffs
1426  region_rec_diffs
1427  region_rec_diffs
1428  region_rec_diffs
1429  region_rec_diffs
1430  region_rec_diffs
1431  region_rec_diffs
1432  region_rec_diffs
1433  region_rec_diffs
1434  region_rec_diffs
1435  region_rec_diffs
1436  region_rec_diffs
1437  region_rec_diffs
1438  region_rec_diffs
1439  region_rec_diffs
1440  region_rec_diffs
1441  region_rec_diffs
1442  region_rec_diffs
1443  region_rec_diffs
1444  region_rec_diffs
1445  region_rec_diffs
1446  region_rec_diffs
1447  region_rec_diffs
1448  region_rec_diffs
1449  region_rec_diffs
1450  region_rec_diffs
1451  region_rec_diffs
1452  region_rec_diffs
1453  region_rec_diffs
1454  region_rec_diffs
1455  region_rec_diffs
1456  region_rec_diffs
1457  region_rec_diffs
1458  region_rec_diffs
1459  region_rec_diffs
1460  region_rec_diffs
1461  region_rec_diffs
1462  region_rec_diffs
1463  region_rec_diffs
1464  region_rec_diffs
1465  region_rec_diffs
1466  region_rec_diffs
1467  region_rec_diffs
1468  region_rec_diffs
1469  region_rec_diffs
1470  region_rec_diffs
1471  region_rec_diffs
1472  region_rec_diffs
1473  region_rec_diffs
1474  region_rec_diffs
1475  region_rec_diffs
1476  region_rec_diffs
1477  region_rec_diffs
1478  region_rec_diffs
1479  region_rec_diffs
1480  region_rec_diffs
1481  region_rec_diffs
1482  region_rec_diffs
1483  region_rec_diffs
1484  region_rec_diffs
1485  region_rec_diffs
1486  region_rec_diffs
1487  region_rec_diffs
1488  region_rec_diffs
1489  region_rec_diffs
1490  region_rec_diffs
1491  region_rec_diffs
1492  region_rec_diffs
1493  region_rec_diffs
1494  region_rec_diffs
1495  region_rec_diffs
1496  region_rec_diffs
1497  region_rec_diffs
1498  region_rec_diffs
1499  region_rec_diffs
1500  region_rec_diffs
1501  region_rec_diffs
1502  region_rec_diffs
1503  region_rec_diffs
1504  region_rec_diffs
1505  region_rec_diffs
1506  region_rec_diffs
1507  region_rec_diffs
1508  region_rec_diffs
1509  region_rec_diffs
1510  region_rec_diffs
1511  region_rec_diffs
1512  region_rec_diffs
1513  region_rec_diffs
1514  region_rec_diffs
1515  region_rec_diffs
1516  region_rec_diffs
1517  region_rec_diffs
1518  region_rec_diffs
1519  region_rec_diffs
1520  region_rec_diffs
1521  region_rec_diffs
1522  region_rec_diffs
1523  region_rec_diffs
1524  region_rec_diffs
1525  region_rec_diffs
1526  region_rec_diffs
1527  region_rec_diffs
1528  region_rec_diffs
1529  region_rec_diffs
1530  region_rec_diffs
1531  region_rec_diffs
1532  region_rec_diffs
1533  region_rec_diffs
1534  region_rec_diffs
1535  region_rec_diffs
1536  region_rec_diffs
1537  region_rec_diffs
1538  region_rec_diffs
1539  region_rec_diffs
1540  region_rec_diffs
1541  region_rec_diffs
1542  region_rec_diffs
1543  region_rec_diffs
1544  region_rec_diffs
1545  region_rec_diffs
1546  region_rec_diffs
1547  region_rec_diffs
1548  region_rec_diffs
1549  region_rec_diffs
1550  region_rec_diffs
1551  region_rec_diffs
1552  region_rec_diffs
1553  region_rec_diffs
1554  region_rec_diffs
1555  region_rec_diffs
1556  region_rec_diffs
1557  region_rec_diffs
1558  region_rec_diffs
1559  region_rec_diffs
1560  region_rec_diffs
1561  region_rec_diffs
1562  region_rec_diffs
1563  region_rec_diffs
1564  region_rec_diffs
1565  region_rec_diffs
1566  region_rec_diffs
1567  region_rec_diffs
1568  region_rec_diffs
1569  region_rec_diffs
1570  region_rec_diffs
1571  region_rec_diffs
1572  region_rec_diffs
1573  region_rec_diffs
1574  region_rec_diffs
1575  region_rec_diffs
1576  region_rec_diffs
1577  region_rec_diffs
1578  region_rec_diffs
1579  region_rec_diffs
1580  region_rec_diffs
1581  region_rec_diffs
1582  region_rec_diffs
1583  region_rec_diffs
1584  region_rec_diffs
1585  region_rec_diffs
1586  region_rec_diffs
1587  region_rec_diffs
1588  region_rec_diffs
1589  region_rec_diffs
1590  region_rec_diffs
1591  region_rec_diffs
1592  region_rec_diffs
1593  region_rec_diffs
1594  region_rec_diffs
1595  region_rec_diffs
1596  region_rec_diffs
1597  region_rec_diffs
1598  region_rec_diffs
1599  region_rec_diffs
1600  region_rec_diffs
1601  region_rec_diffs
1602  region_rec_diffs
1603  region_rec_diffs
1604  region_rec_diffs
1605  region_rec_diffs
1606  region_rec_diffs
1607  region_rec_diffs
1608  region_rec_diffs
1609  region_rec_diffs
1610  region_rec_diffs
1611  region_rec_diffs
1612  region_rec_diffs
1613  region_rec_diffs
1614  region_rec_diffs
1615  region_rec_diffs
1616  region_rec_diffs
1617  region_rec_diffs
1618  region_rec_diffs
1619  region_rec_diffs
1620  region_rec_diffs
1621  region_rec_diffs
1622  region_rec_diffs
1623  region_rec_diffs
1624  region_rec_diffs
1625  region_rec_diffs
1626  region_rec_diffs
1627  region_rec_diffs
1628  region_rec_diffs
1629  region_rec_diffs
1630  region_rec_diffs
1631  region_rec_diffs
1632  region_rec_diffs
1633  region_rec_diffs
1634  region_rec_diffs
1635  region_rec_diffs
1636  region_rec_diffs
1637  region_rec_diffs
1638  region_rec_diffs
1639  region_rec_diffs
1640  region_rec_diffs
1641  region_rec_diffs
1642  region_rec_diffs
1643  region_rec_diffs
1644  region_rec_diffs
1645  region_rec_diffs
1646  region_rec_diffs
1647  region_rec_diffs
1648  region_rec_diffs
1649  region_rec_diffs
1650  region_rec_diffs
1651  region_rec_diffs
1652  region_rec_diffs
1653  region_rec_diffs
1654  region_rec_diffs
1655  region_rec_diffs
1656  region_rec_diffs
1657  region_rec_diffs
1658  region_rec_diffs
1659  region_rec_diffs
1660  region_rec_diffs
1661  region_rec_diffs
1662  region_rec_diffs
1663  region_rec_diffs
1664  region_rec_diffs
1665  region_rec_diffs
1666  region_rec_diffs
1667  region_rec_diffs
1668  region_rec_diffs
1669  region_rec_diffs
1670  region_rec_diffs
1671  region_rec_diffs
1672  region_rec_diffs
1673  region_rec_diffs
1674  region_rec_diffs
1675  region_rec_diffs
1676  region_rec_diffs
1677  region_rec_diffs
1678  region_rec_diffs
1679  region_rec_diffs
1680  region_rec_diffs
1681  region_rec_diffs
1682  region_rec_diffs
1683  region_rec_diffs
1684  region_rec_diffs
1685  region_rec_diffs
1686  region_rec_diffs
1687  region_rec_diffs
1688  region_rec_diffs
1689  region_rec_diffs
1690  region_rec_diffs
1691  region_rec_diffs
1692  region_rec_diffs
1693  region_rec_diffs
1694  region_rec_diffs
1695  region_rec_diffs
1696  region_rec_diffs
1697  region_rec_diffs
1698  region_rec_diffs
1699  region_rec_diffs
1700  region_rec_diffs
1701  region_rec_diffs
1702  region_rec_diffs
1703  region_rec_diffs
1704  region_rec_diffs
1705  region_rec_diffs
1706  region_rec_diffs
1707  region_rec_diffs
1708  region_rec_diffs
1709  region_rec_diffs
1710  region_rec_diffs
1711  region_rec_diffs
1712  region_rec_diffs
1713  region_rec_diffs
1714  region_rec_diffs
1715  region_rec_diffs
1716  region_rec_diffs
1717  region_rec_diffs
1718  region_rec_diffs
1719  region_rec_diffs
1720  region_rec_diffs
1721  region_rec_diffs
1722  region_rec_diffs
1723  region_rec_diffs
1724  region_rec_diffs
1725  region_rec_diffs
1726  region_rec_diffs
1727  region_rec_diffs
1728  region_rec_diffs
1729  region_rec_diffs
1730  region_rec_diffs
1731  region_rec_diffs
1732  region_rec_diffs
1733  region_rec_diffs
1734  region_rec_diffs
1735  region_rec_diffs
1736  region_rec_diffs
1737  region_rec_diffs
1738  region_rec_diffs
1739  region_rec_diffs
1740  region_rec_diffs
1741  region_rec_diffs
1742  region_rec_diffs
1743  region_rec_diffs
1744  region_rec_diffs
1745  region_rec_diffs
1746  region_rec_diffs
1747  region_rec_diffs
1748  region_rec_diffs
1749  region_rec_diffs
1750  region_rec_diffs
1751  region_rec_diffs
1752  region_rec_diffs
1753  region_rec_diffs
1754  region_rec_diffs
1755  region_rec_diffs
1756  region_rec_diffs
1757  region_rec_diffs
1758  region_rec_diffs
1759  region_rec_diffs
1760  region_rec_diffs
1761  region_rec_diffs
1762  region_rec_diffs
1763  region_rec_diffs
1764  region_rec_diffs
1765  region_rec_diffs
1766  region_rec_diffs
1767  region_rec_diffs
1768  region_rec_diffs
1769  region_rec_diffs
1770  region_rec_diffs
1771  region_rec_diffs
1772  region_rec_diffs
1773  region_rec_diffs
1774  region_rec_diffs
1775  region_rec_diffs
1776  region_rec_diffs
1777  region_rec_diffs
1778  region_rec_diffs
1779  region_rec_diffs
1780  region_rec_diffs
1781  region_rec_diffs
1782  region_rec_diffs
1783  region_rec_diffs
1784  region_rec_diffs
1785  region_rec_diffs
1786  region_rec_diffs
1787  region_rec_diffs
1788  region_rec_diffs
1789  region_rec_diffs
1790  region_rec_diffs
1791  region_rec_diffs
1792  region_rec_diffs
1793  region_rec_diffs
1794  region_rec_diffs
1795  region_rec_diffs
1796  region_rec_diffs
1797  region_rec_diffs
1798  region_rec_diffs
1799  region_rec_diffs
1800  region_rec_diffs
1801  region_rec_diffs
1802  region_rec_diffs
1803  region_rec_diffs
1804  region_rec_diffs
1805  region_rec_diffs
1806  region_rec_diffs
1807  region_rec_diffs
1808  region_rec_diffs
1809  region_rec_diffs
1810  region_rec_diffs
1811  region_rec_diffs
1812  region_rec_diffs
1813  region_rec_diffs
1814  region_rec_diffs
1815  region_rec_diffs
1816  region_rec_diffs
1817  region_rec_diffs
1818  region_rec_diffs
1819  region_rec_diffs
1820  region_rec_diffs
1821  region_rec_diffs
1822  region_rec_diffs
1823  region_rec_diffs
1824  region_rec_diffs
1825  region_rec_diffs
1826  region_rec_diffs
1827  region_rec_diffs
1828  region_rec_diffs
1829  region_rec_diffs
1830  region_rec_diffs
1831  region_rec_diffs
1832  region_rec_diffs
1833  region_rec_diffs
1834  region_rec_diffs
1835  region_rec_diffs
1836  region_rec_diffs
1837  region_rec_diffs
1838  region_rec_diffs
1839  region_rec_diffs
1840  region_rec_diffs
1841  region_rec_diffs
1842  region_rec_diffs
1843  region_rec_diffs
1844  region_rec_diffs
1845  region_rec_diffs
1846  region_rec_diffs
1847  region_rec_diffs
1848  region_rec_diffs
1849  region_rec_diffs
1850  region_rec_diffs
1851  region_rec_diffs
1852  region_rec_diffs
1853  region_rec_diffs
1854  region_rec_diffs
1855  region_rec_diffs
1856  region_rec_diffs
1857  region_rec_diffs
1858  region_rec_diffs
1859  region_rec_diffs
1860  region_rec_diffs
1861  region_rec_diffs
1862  region_rec_diffs
1863  region_rec_diffs
1864  region_rec_diffs
1865  region_rec_diffs
1866  region_rec_diffs
1867  region_rec_diffs
1868  region_rec_diffs
1869  region_rec_diffs
1870  region_rec_diffs
1871  region_rec_diffs
1872  region_rec_diffs
1873  region_rec_diffs
1874  region_rec_diffs
1875  region_rec_diffs
1876  region_rec_diffs
1877  region_rec_diffs
1878  region_rec_diffs
1879  region_rec_diffs
1880  region_rec_diffs
1881  region_rec_diffs
1882  region_rec_diffs
1883  region_rec_diffs
1884  region_rec_diffs
1885  region_rec_diffs
1886  region_rec_diffs
1887  region_rec_diffs
1888  region_rec_diffs
1889  region_rec_diffs
1890  region_rec_diffs
1891  region_rec_diffs
1892  region_rec_diffs
1893  region_rec_diffs
1894  region_rec_diffs
1895  region_rec_diffs
1896  region_rec_diffs
1897  region_rec_diffs
1898  region_rec_diffs
1899  region_rec_diffs
1900  region_rec_diffs
1901  region_rec_diffs
1902  region_rec_diffs
1903  region_rec_diffs
1904  region_rec_diffs
1905  region_rec_diffs
1906  region_rec_diffs
1907  region_rec_diffs
1908  region_rec_diffs
1909  region_rec_diffs
1910  region_rec_diffs
1911  region_rec_diffs
1912  region_rec_diffs
1913  region_rec_diffs
1914  region_rec_diffs
1915  region_rec_diffs
1916  region_rec_diffs
1917  region_rec_diffs
1918  region_rec_diffs
1919  region_rec_diffs
1920  region_rec_diffs
1921  region_rec_diffs
1922  region_rec_diffs
1923  region_rec_diffs
1924  region_rec_diffs
1925  region_rec_diffs
1926  region_rec_diffs
1927  region_rec_diffs
1928  region_rec_diffs
1929  region_rec_diffs
1930  region_rec_diffs
1931  region_rec_diffs
1932  region_rec_diffs
1933  region_rec_diffs
1934  region_rec_diffs
1935  region_rec_diffs
1936  region_rec_diffs
1937  region_rec_diffs
1938  region_rec_diffs
1939  region_rec_diffs
1940  region_rec_diffs
1941  region_rec_diffs
1942  region_rec_diffs
1943  region_rec_diffs
1944  region_rec_diffs
1945  region_rec_diffs
1946  region_rec_diffs
1947  region_rec_diffs
1948  region_rec_diffs
1949  region_rec_diffs
1950  region_rec_diffs
1951  region_rec_diffs
1952  region_rec_diffs
1953  region_rec_diffs
1954  region_rec_diffs
1955  region_rec_diffs
1956  region_rec_diffs
1957  region_rec_diffs
1958  region_rec_diffs
1959  region_rec_diffs
1960  region_rec_diffs
1961  region_rec_diffs
1962  region_rec_diffs
1963  region_rec_diffs
1964  region_rec_diffs
1965  region_rec_diffs
1966  region_rec_diffs
1967  region_rec_diffs
1968  region_rec_diffs
1969  region_rec_diffs
1970  region_rec_diffs
1971  region_rec_diffs
1972  region_rec_diffs
1973  region_rec_diffs
1974  region_rec_diffs
1975  region_rec_diffs
1976  region_rec_diffs
1977  region_rec_diffs
1978  region_rec_diffs
1979  region_rec_diffs
1980  region_rec_diffs
1981  region_rec_diffs
1982  region_rec_diffs
1983  region_rec_diffs
1984  region_rec_diffs
1985  region_rec_diffs
1986  region_rec_diffs
1987  region_rec_diffs
1988  region_rec_diffs
1989  region_rec_diffs
1990  region_rec_diffs
1991  region_rec_diffs
1992  region_rec_diffs
1993  region_rec_diffs
1994  region_rec_diffs
1995  region_rec_diffs
1996  region_rec_diffs
1997  region_rec_diffs
1998  region_rec_diffs
1999  region_rec_diffs
2000  region_rec_diffs
2001  region_rec_diffs
2002  region_rec_diffs
2003  region_rec_diffs
2004  region_rec_diffs
2005  region_rec_diffs
2006  region_rec_diffs
2007  region_rec_diffs
2008  region_rec_diffs
2009  region_rec_diffs
2010  region_rec_diffs
2011  region_rec_diffs
2012  region_rec_diffs
2013  region_rec_diffs
2014  region_rec_diffs
2015  region_rec_diffs
2016  region_rec_diffs
2017  region_rec_diffs
2018  region_rec_diffs
2019  region_rec_diffs
2020  region_rec_diffs
2021  region_rec_diffs
2022  region_rec_diffs
2023  region_rec_diffs
2024  region_rec_diffs
2025  region_rec_diffs
2026  region_rec_diffs
2027  region_rec_diffs
2028  region_rec_diffs
2029  region_rec_diffs
2030  region_rec_diffs
2031  region_rec_diffs
2032  region_rec_diffs
2033  region_rec_diffs
2034  region_rec_diffs
2035  region_rec_diffs
2036  region_rec_diffs
2037  region_rec_diffs
2038  region_rec_diffs
2039  region_rec_diffs
2040  region_rec_diffs
2041  region_rec_diffs
2042  region_rec_diffs
2043  region_rec_diffs
2044  region_rec_diffs
2045  region_rec_diffs
2046  region_rec_diffs
2047  region_rec_diffs
2048  region_rec_diffs
2049  region_rec_diffs
2050  region_rec_diffs
2051  region_rec_diffs
2052  region_rec_diffs
2053  region_rec_diffs
2054  region_rec_diffs
2055  region_rec_diffs
2056  region_rec_diffs
2057  region_rec_diffs
2058  region_rec_diffs
2059  region_rec_diffs
2060  region_rec_diffs
2061  region_rec_diffs
2062  region_rec_diffs
2063  region_rec_diffs
2064  region_rec_diffs
2065  region_rec_diffs
2066  region_rec_diffs
2067  region_rec_diffs
2068  region_rec_diffs
2069  region_rec_diffs
2070  region_rec_diffs
2071  region_rec_diffs
2072  region_rec_diffs
2073  region_rec_diffs
2074  region_rec_diffs
2075  region_rec_diffs
2076  region_rec_diffs
2077  region_rec_diffs
2078  region_rec_diffs
2079  region_rec_diffs
2080  region_rec_diffs
2081  region_rec_diffs
2082  region_rec_diffs
2083  region_rec_diffs
2084  region_rec_diffs
2085  region_rec_diffs
2086  region_rec_diffs
2087  region_rec_diffs
2088  region_rec_diffs
2089  region_rec_diffs
2090  region_rec_diffs
2091  region_rec_diffs
2092  region_rec_diffs
2093  region_rec_diffs
2094  region_rec_diffs
2095  region_rec_diffs
2096  region_rec_diffs
2097  region_rec_diffs
2098  region_rec_diffs
2099  region_rec_diffs
2100  region_rec_diffs
2101  region_rec_diffs
2102  region_rec_diffs
2103  region_rec_diffs
2104  region_rec_diffs
2105  region_rec_diffs
2106  region_rec_diffs
2107  region_rec_diffs
2108  region_rec_diffs
2109  region_rec_diffs
2110  region_rec_diffs
2111  region_rec_diffs
2112  region_rec_diffs
2113  region_rec_diffs
2114  region_rec_diffs
2115  region_rec_diffs
2116  region_rec_diffs
2117  region_rec_diffs
2118  region_rec_diffs
2119  region_rec_diffs
2120  region_rec_diffs
2121  region_rec_diffs
2122  region_rec_diffs
2123  region_rec_diffs
2124  region_rec_diffs
2125  region_rec_diffs
2126  region_rec_diffs
2127  region_rec_diffs
2128  region_rec_diffs
2129  region_rec_diffs
2130  region_rec_diffs
2131  region_rec_diffs
2132  region_rec_diffs
2133  region_rec_diffs
2134  region_rec_diffs
2135  region_rec_diffs
2136  region_rec_diffs
2137  region_rec_diffs
2138  region_rec_diffs
2139  region_rec_diffs
2140  region_rec_diffs
2141  region_rec_diffs
2142  region_rec_diffs
2143  region_rec_diffs
2144  region_rec_diffs
2145  region_rec_diffs
2146  region_rec_diffs
2147  region_rec_diffs
2148  region_rec_diffs
2149  region_rec_diffs
2150  region_rec_diffs
2151  region_rec_diffs
2152  region_rec_diffs
2153  region_rec_diffs
2154  region_rec_diffs
2155  region_rec_diffs
2156  region_rec_diffs
2157  region_rec_diffs
2158  region_rec_diffs
2159  region_rec_diffs
2160  region_rec_diffs
2161  region_rec_diffs
2162  region_rec_diffs
2163  region_rec_diffs
2164  region_rec_diffs
2165  region_rec_diffs
2166  region_rec_diffs
2167  region_rec_diffs
2168  region_rec_diffs
2169  region_rec_diffs
2170  region_rec_diffs
2171  region_rec_diffs
2172  region_rec_diffs
2173  region_rec_diffs
2174  region_rec_diffs
2175  region_rec_diffs
2176  region_rec_diffs
2177  region_rec_diffs
2178  region_rec_diffs
2179  region_rec_diffs
2180  region_rec_diffs
2181  region_rec_diffs
2182  region_rec_diffs
2183  region_rec_diffs
2184  region_rec_diffs
2185  region_rec_diffs
2186  region_rec_diffs
2187  region_rec_diffs
2188  region_rec_diffs
2189  region_rec_diffs
2190  region_rec_diffs
2191  region_rec_diffs
2192  region_rec_diffs
2193  region_rec_diffs
2194  region_rec_diffs
2195  region_rec_diffs
2196  region_rec_diffs
2197  region_rec_diffs
2198  region_rec_diffs
2199  region_rec_diffs
2200  region_rec_diffs
2201  region_rec_diffs
2202  region_rec_diffs
2203  region_rec_diffs
2204  region_rec_diffs
2205  region_rec_diffs
2206  region_rec_diffs
2207  region_rec_diffs
2208  region_rec_diffs
2209  region_rec_diffs
2210  region_rec_diffs
2211  region_rec_diffs
2212  region_rec_diffs
2213  region_rec_diffs
2214  region_rec_diffs
2215  region_rec_diffs
2216  region_rec_diffs
2217  region_rec_diffs
2218  region_rec_diffs
2219  region_rec_diffs
2220  region_rec_diffs
2221  region_rec_diffs
2222  region_rec_diffs
2223  region_rec_diffs
2224  region_rec_diffs
2225  region_rec_diffs
2226  region_rec_diffs
2227  region_rec_diffs
2228  region_rec_diffs
2229  region_rec_diffs
2230  region_rec_diffs
2231  region_rec_diffs
2232  region_rec_diffs
2233  region_rec_diffs
2234  region_rec_diffs
2235  region_rec_diffs
2236  region_rec_diffs
2237  region_rec_diffs
2238  region_rec_diffs
2239  region_rec_diffs
2240  region_rec_diffs
2241  region_rec_diffs
2242  region_rec_diffs
2243  region_rec_diffs
2244  region_rec_diffs
2245  region_rec_diffs
2246  region_rec_diffs
2247  region_rec_diffs
2248  region_rec_diffs
2249  region_rec_diffs
2250  region_rec_diffs
2251  region_rec_diffs
2252  region_rec_diffs
2253  region_rec_diffs
2254  region_rec_diffs
2255  region_rec_diffs
2256  region_rec_diffs
2257  region_rec_diffs
2258  region_rec_diffs
2259  region_rec_diffs
2260  region_rec_diffs
2261  region_rec_diffs
2262  region_rec_diffs
2263  region_rec_diffs
2264  region_rec_diffs
2265  region_rec_diffs
2266  region_rec_diffs
2267  region_rec_diffs
2268  region_rec_diffs
2269  region_rec_diffs
2270  region_rec_diffs
2271  region_rec_diffs
2272  region_rec_diffs
2273  region_rec_diffs
2274  region_rec_diffs
2275  region_rec_diffs
2276  region_rec_diffs
2277  region_rec_diffs
2278  region_rec_diffs
2279  region_rec_diffs
2280  region_rec_diffs
2281  region_rec_diffs
2282  region_rec_diffs
2283  region_rec_diffs
2284  region_rec_diffs
2285  region_rec_diffs
2286  region_rec_diffs
2287  region_rec_diffs
2288  region_rec_diffs
2289  region_rec_diffs
2290  region_rec_diffs
2291  region_rec_diffs
2292  region_rec_diffs
2293  region_rec_diffs
2294  region_rec_diffs
2295  region_rec_diffs
2296  region_rec_diffs
2297  region_rec_diffs
2298  region_rec_diffs
2299  region_rec_diffs
2300  region_rec_diffs
2301  region_rec_diffs
2302  region_rec_diffs
2303  region_rec_diffs
2304  region_rec_diffs
2305  region_rec_diffs
2306  region_rec_diffs
2307  region_rec_diffs
2308  region_rec_diffs
2309  region_rec_diffs
2310  region_rec_diffs
2311  region_rec_diffs
2312  region_rec_diffs
2313  region_rec_diffs
2314  region_rec_diffs
2315  region_rec_diffs
2316  region_rec_diffs
2317  region_rec_diffs
2318  region_rec_diffs
2319  region_rec_diffs
2320  region_rec_diffs
2321  region_rec_diffs
2322  region_rec_diffs
2323  region_rec_diffs
2324  region_rec_diffs
2325  region_rec_diffs
2326  region_rec_diffs
2327  region_rec_diffs
2328  region_rec_diffs
2329  region_rec_diffs
2330  region_rec_diffs
2331  region_rec_diffs
2332  region_rec_diffs
2333  region_rec_diffs
2334  region_rec_diffs
2335  region_rec_diffs
2336  region_rec_diffs
2337  region_rec_diffs
2338  region_rec_diffs
2339  region_rec_diffs
2340  region_rec_diffs
2341  region_rec_diffs
2342  region_rec_diffs
2343  region_rec_diffs
2344  region_rec_diffs
2345  region_rec_diffs
2346  region_rec_diffs
2347  region_rec_diffs
2348  region_rec_diffs
2349  region_rec_diffs
2350  region_rec_diffs
2351  region_rec_diffs
2352  region_rec_diffs
2353  region_rec_diffs
2354  region_rec_diffs
2355  region_rec_diffs
2356  region_rec_diffs
2357  region_rec_diffs
2358  region_rec_diffs
2359  region_rec_diffs
2360  region_rec_diffs
2361  region_rec_diffs
2362  region_rec_diffs
2363  region_rec_diffs
2364  region_rec_diffs
2365  region_rec_diffs
2366  region_rec_diffs
2367  region_rec_diffs
2368  region_rec_diffs
2369  region_rec_diffs
2370  region_rec_diffs
2371  region_rec_diffs
2372  region_rec_diffs
2373  region_rec_diffs
2374  region_rec_diffs
2375  region_rec_diffs
2376  region_rec_diffs
2377  region_rec_diffs
2378  region_rec_diffs
2379  region_rec_diffs
2380  region_rec_diffs
2381  region_rec_diffs
2382  region_rec_diffs
2383  region_rec_diffs
2384  region_rec_diffs
2385  region_rec_diffs
2386  region_rec_diffs
2387  region_rec_diffs
2388  region_rec_diffs
2389  region_rec_diffs
2390  region_rec_diffs
2391  region_rec_diffs
2392  region_rec_diffs
2393  region_rec_diffs
2394  region_rec_diffs
2395  region_rec_diffs
2396  region_rec_diffs
2397  region_rec_diffs
2398  region_rec_diffs
2399  region_rec_diffs
2400  region_rec_diffs
2401  region_rec_diffs
2402  region_rec_diffs
2403  region_rec_diffs
2404  region_rec_diffs
2405  region_rec_diffs
2406  region_rec_diffs
2407  region_rec_diffs
2408  region_rec_diffs
2409  region_rec_diffs
2410  region_rec_diffs
2411  region_rec_diffs
2412  region_rec_diffs
2413  region_rec_diffs
2414  region_rec_diffs
2415  region_rec_diffs
2416  region_rec_diffs
2417  region_rec_diffs
2418  region_rec_diffs
2419  region_rec_diffs
2420  region_rec_diffs
2421  region_rec_diffs
2422  region_rec_diffs
2423  region_rec_diffs
2424  region_rec_diffs
2425  region_rec_diffs
2426  region_rec_diffs
2427  region_rec_diffs
2428  region_rec_diffs
2429  region_rec_diffs
2430  region_rec_diffs
2431  region_rec_diffs
2432  region_rec_diffs
2433  region_rec_diffs
2434  region_rec_diffs
2435  region_rec_diffs
2436  region_rec_diffs
2437  region_rec_diffs
2438  region_rec_diffs
2439  region_rec_diffs
2440  region_rec_diffs
2441  region_rec_diffs
2442  region_rec_diffs
2443  region_rec_diffs
2444  region_rec_diffs
2445  region_rec_diffs
2446  region_rec_diffs
2447  region_rec_diffs
2448  region_rec_diffs
2449  region_rec_diffs
2450  region_rec_diffs
2451  region_rec_diffs
2452  region_rec_diffs
2453  region_rec_diffs
2454  region_rec_diffs
2455  region_rec_diffs
2456  region_rec_diffs
2457  region_rec_diffs
2458  region_rec_diffs
2459  region_rec_diffs
2460  region_rec_diffs
2461  region_rec_diffs
2462  region_rec_diffs
2463  region_rec_diffs
2464  region_rec_diffs
2465  region_rec_diffs
2466  region_rec_diffs
2467  region_rec_diffs
2468  region_rec_diffs
2469  region_rec_diffs
2470  region_rec_diffs
2471  region_rec_diffs
2472  region_rec_diffs
2473  region_rec_diffs
2474  region_rec_diffs
2475  region_rec_diffs
2476  region_rec_diffs
2477  region_rec_diffs
2478  region_rec_diffs
2479  region_rec_diffs
2480  region_rec_diffs
2481  region_rec_diffs
2482  region_rec_diffs
2483  region_rec_diffs
2484  region_rec_diffs
2485  region_rec_diffs
2486  region_rec_diffs
2487  region_rec_diffs
2488  region_rec_diffs
2489  region_rec_diffs
2490  region_rec_diffs
2491  region_rec_diffs
2492  region_rec_diffs
2493  region_rec_diffs
2494  region_rec_diffs
2495  region_rec_diffs
2496  region_rec_diffs
2497  region_rec_diffs
2498  region_rec_diffs
2499  region_rec_diffs
2500  region_rec_diffs
2501  region_rec_diffs
2502  region_rec_diffs
2503  region_rec_diffs
2504  region_rec_diffs
2505  region_rec_diffs
2506  region_rec_diffs
2507  region_rec_diffs
2508  region_rec_diffs
2509  region_rec_diffs
2510  region_rec_diffs
2511  region_rec_diffs
2512  region_rec_diffs
2513  region_rec_diffs
2514  region_rec_diffs
2515  region_rec_diffs
2516  region_rec_diffs
2517  region_rec_diffs
2518  region_rec_diffs
2519  region_rec_diffs
2520  region_rec_diffs
2521  region_rec_diffs
2522  region_rec_diffs
2523  region_rec_diffs
2524  region_rec_diffs
2525  region_rec_diffs
2526  region_rec_diffs
2527  region_rec_diffs
2528  region_rec_diffs
2529  region_rec_diffs
2530  region_rec_diffs
2531  region_rec_diffs
2532  region_rec_diffs
2533  region_rec_diffs
2534  region_rec_diffs
2535  region_rec_diffs
2536  region_rec_diffs
2537  region_rec_diffs
2538  region_rec_diffs
2539  region_rec_diffs
2540  region_rec_diffs
2541  region_rec_diffs
2542  region_rec_diffs
2543  region_rec_diffs
2544  region_rec_diffs
2545  region_rec_diffs
2546  region_rec_diffs
2547  region_rec_diffs
2548  region_rec_diffs
2549  region_rec_diffs
2550  region_rec_diffs
2551  region_rec_diffs
2552  region_rec_diffs
2553  region_rec_diffs
2554  region_rec_diffs
2555  region_rec_diffs
2556  region_rec_diffs
2557  region_rec_diffs
2558  region_rec_diffs
2559  region_rec_diffs
2560  region_rec_diffs
2561  region_rec_diffs
2562  region_rec_diffs
2563  region_rec_diffs
2564  region_rec_diffs
2565  region_rec_diffs
2566  region_rec_diffs
2567  region_rec_diffs
2568  region_rec_diffs
2569  region_rec_diffs
2570  region_rec_diffs
2571  region_rec_diffs
2572  region_rec_diffs
2573  region_rec_diffs
2574  region_rec_diffs
2575  region_rec_diffs
2576  region_rec_diffs
2577  region_rec_diffs
2578  region_rec_diffs
2579  region_rec_diffs
2580  region_rec_diffs
2581  region_rec_diffs
2582  region_rec_diffs
2583  region_rec_diffs
2584  region_rec_diffs
2585  region_rec_diffs
2586  region_rec_diffs
2587  region_rec_diffs
2588  region_rec_diffs
2589  region_rec_diffs
2590  region_rec_diffs
2591  region_rec_diffs
2592  region_rec_diffs
2593  region_rec_diffs
2594  region_rec_diffs
2595  region_rec_diffs
2596  region_rec_diffs
2597  region_rec_diffs
2598  region_rec_diffs
2599  region_rec_diffs
2600  region_rec_diffs
2601  region_rec_diffs
2602  region_rec_diffs
2603  region_rec_diffs
2604  region_rec_diffs
2605  region_rec_diffs
2606  region_rec_diffs
2607  region_rec_diffs
2608  region_rec_diffs
2609  region_rec_diffs
2610  region_rec_diffs
2611  region_rec_diffs
2612  region_rec_diffs
2613  region_rec_diffs
2614  region_rec_diffs
2615  region_rec_diffs
2616  bs_selcoff(1,1,1,1)
2617  bs_selcoff(1,1,1,2)
2618  bs_selcoff(1,1,1,3)
2619  bs_selcoff(1,1,1,4)
2620  bs_selcoff(1,1,1,5)
2621  bs_selcoff(2,1,1,1)
2622  bs_selcoff(2,1,1,2)
2623  bs_selcoff(2,1,1,3)
2624  bs_selcoff(2,1,1,4)
2625  bs_selcoff(2,1,1,5)
2626  bs_selcoff(3,1,1,1)
2627  bs_selcoff(3,1,1,2)
2628  bs_selcoff(3,1,1,3)
2629  bs_selcoff(3,1,1,4)
2630  bs_selcoff(3,1,1,5)
2631  bs_selcoff(4,1,1,1)
2632  bs_selcoff(4,1,1,2)
2633  bs_selcoff(4,1,1,3)
2634  bs_selcoff(4,1,1,4)
2635  bs_selcoff(4,1,1,5)
2636  bs_selcoff(5,1,1,1)
2637  bs_selcoff(5,1,1,2)
2638  bs_selcoff(5,1,1,3)
2639  bs_selcoff(5,1,1,4)
2640  bs_selcoff(5,1,1,5)
2641  bs_selcoff(6,1,1,1)
2642  bs_selcoff(6,1,1,2)
2643  bs_selcoff(6,1,1,3)
2644  bs_selcoff(6,1,1,4)
2645  bs_selcoff(6,1,1,5)
2646  bs_selcoff(7,1,1,1)
2647  bs_selcoff(7,1,1,2)
2648  bs_selcoff(7,1,1,3)
2649  bs_selcoff(7,1,1,4)
2650  bs_selcoff(7,1,1,5)
2651  bs_selcoff(8,1,1,1)
2652  bs_selcoff(8,1,1,2)
2653  bs_selcoff(8,1,1,3)
2654  bs_selcoff(8,1,1,4)
2655  bs_selcoff(8,1,1,5)
2656  bs_selcoff(9,1,1,1)
2657  bs_selcoff(9,1,1,2)
2658  bs_selcoff(9,1,1,3)
2659  bs_selcoff(9,1,1,4)
2660  bs_selcoff(9,1,1,5)
2661  bs_selcoff(10,1,1,1)
2662  bs_selcoff(10,1,1,2)
2663  bs_selcoff(10,1,1,3)
2664  bs_selcoff(10,1,1,4)
2665  bs_selcoff(10,1,1,5)
2666  bs_selcoff(11,1,1,1)
2667  bs_selcoff(11,1,1,2)
2668  bs_selcoff(11,1,1,3)
2669  bs_selcoff(11,1,1,4)
2670  bs_selcoff(11,1,1,5)
2671  bs_selcoff(12,1,1,1)
2672  bs_selcoff(12,1,1,2)
2673  bs_selcoff(12,1,1,3)
2674  bs_selcoff(12,1,1,4)
2675  bs_selcoff(12,1,1,5)
2676  bs_selcoff(13,1,1,1)
2677  bs_selcoff(13,1,1,2)
2678  bs_selcoff(13,1,1,3)
2679  bs_selcoff(13,1,1,4)
2680  bs_selcoff(13,1,1,5)
2681  bs_selcoff(14,1,1,1)
2682  bs_selcoff(14,1,1,2)
2683  bs_selcoff(14,1,1,3)
2684  bs_selcoff(14,1,1,4)
2685  bs_selcoff(14,1,1,5)
2686  bs_selcoff(15,1,1,1)
2687  bs_selcoff(15,1,1,2)
2688  bs_selcoff(15,1,1,3)
2689  bs_selcoff(15,1,1,4)
2690  bs_selcoff(15,1,1,5)
2691  bs_selcoff(16,1,1,1)
2692  bs_selcoff(16,1,1,2)
2693  bs_selcoff(16,1,1,3)
2694  bs_selcoff(16,1,1,4)
2695  bs_selcoff(16,1,1,5)
2696  bs_selcoff(17,1,1,1)
2697  bs_selcoff(17,1,1,2)
2698  bs_selcoff(17,1,1,3)
2699  bs_selcoff(17,1,1,4)
2700  bs_selcoff(17,1,1,5)
2701  bs_selcoff(18,1,1,1)
2702  bs_selcoff(18,1,1,2)
2703  bs_selcoff(18,1,1,3)
2704  bs_selcoff(18,1,1,4)
2705  bs_selcoff(18,1,1,5)
2706  bs_selcoff(19,1,1,1)
2707  bs_selcoff(19,1,1,2)
2708  bs_selcoff(19,1,1,3)
2709  bs_selcoff(19,1,1,4)
2710  bs_selcoff(19,1,1,5)
2711  bs_selcoff(20,1,1,1)
2712  bs_selcoff(20,1,1,2)
2713  bs_selcoff(20,1,1,3)
2714  bs_selcoff(20,1,1,4)
2715  bs_selcoff(20,1,1,5)
2716  bs_selcoff(21,1,1,1)
2717  bs_selcoff(21,1,1,2)
2718  bs_selcoff(21,1,1,3)
2719  bs_selcoff(21,1,1,4)
2720  bs_selcoff(21,1,1,5)
2721  bs_selcoff(22,1,1,1)
2722  bs_selcoff(22,1,1,2)
2723  bs_selcoff(22,1,1,3)
2724  bs_selcoff(22,1,1,4)
2725  bs_selcoff(22,1,1,5)
2726  bs_selcoff(23,1,1,1)
2727  bs_selcoff(23,1,1,2)
2728  bs_selcoff(23,1,1,3)
2729  bs_selcoff(23,1,1,4)
2730  bs_selcoff(23,1,1,5)
2731  bs_selcoff(24,1,1,1)
2732  bs_selcoff(24,1,1,2)
2733  bs_selcoff(24,1,1,3)
2734  bs_selcoff(24,1,1,4)
2735  bs_selcoff(24,1,1,5)
2736  bs_selcoff(25,1,1,1)
2737  bs_selcoff(25,1,1,2)
2738  bs_selcoff(25,1,1,3)
2739  bs_selcoff(25,1,1,4)
2740  bs_selcoff(25,1,1,5)
2741  bs_selcoff(26,1,1,1)
2742  bs_selcoff(26,1,1,2)
2743  bs_selcoff(26,1,1,3)
2744  bs_selcoff(26,1,1,4)
2745  bs_selcoff(26,1,1,5)
2746  bs_selcoff(27,1,1,1)
2747  bs_selcoff(27,1,1,2)
2748  bs_selcoff(27,1,1,3)
2749  bs_selcoff(27,1,1,4)
2750  bs_selcoff(27,1,1,5)
2751  bs_selcoff(28,1,1,1)
2752  bs_selcoff(28,1,1,2)
2753  bs_selcoff(28,1,1,3)
2754  bs_selcoff(28,1,1,4)
2755  bs_selcoff(28,1,1,5)
2756  bs_selcoff(29,1,1,1)
2757  bs_selcoff(29,1,1,2)
2758  bs_selcoff(29,1,1,3)
2759  bs_selcoff(29,1,1,4)
2760  bs_selcoff(29,1,1,5)
2761  bs_selcoff(30,1,1,1)
2762  bs_selcoff(30,1,1,2)
2763  bs_selcoff(30,1,1,3)
2764  bs_selcoff(30,1,1,4)
2765  bs_selcoff(30,1,1,5)
2766  bs_selcoff(31,1,1,1)
2767  bs_selcoff(31,1,1,2)
2768  bs_selcoff(31,1,1,3)
2769  bs_selcoff(31,1,1,4)
2770  bs_selcoff(31,1,1,5)
2771  bs_selcoff(32,1,1,1)
2772  bs_selcoff(32,1,1,2)
2773  bs_selcoff(32,1,1,3)
2774  bs_selcoff(32,1,1,4)
2775  bs_selcoff(32,1,1,5)
2776  bs_selcoff(33,1,1,1)
2777  bs_selcoff(33,1,1,2)
2778  bs_selcoff(33,1,1,3)
2779  bs_selcoff(33,1,1,4)
2780  bs_selcoff(33,1,1,5)
2781  bs_selcoff(34,1,1,1)
2782  bs_selcoff(34,1,1,2)
2783  bs_selcoff(34,1,1,3)
2784  bs_selcoff(34,1,1,4)
2785  bs_selcoff(34,1,1,5)
2786  bs_selcoff(35,1,1,1)
2787  bs_selcoff(35,1,1,2)
2788  bs_selcoff(35,1,1,3)
2789  bs_selcoff(35,1,1,4)
2790  bs_selcoff(35,1,1,5)
2791  bs_selcoff(36,1,1,1)
2792  bs_selcoff(36,1,1,2)
2793  bs_selcoff(36,1,1,3)
2794  bs_selcoff(36,1,1,4)
2795  bs_selcoff(36,1,1,5)
2796  bs_selcoff(37,1,1,1)
2797  bs_selcoff(37,1,1,2)
2798  bs_selcoff(37,1,1,3)
2799  bs_selcoff(37,1,1,4)
2800  bs_selcoff(37,1,1,5)
2801  bs_selcoff(38,1,1,1)
2802  bs_selcoff(38,1,1,2)
2803  bs_selcoff(38,1,1,3)
2804  bs_selcoff(38,1,1,4)
2805  bs_selcoff(38,1,1,5)
2806  bs_selcoff(39,1,1,1)
2807  bs_selcoff(39,1,1,2)
2808  bs_selcoff(39,1,1,3)
2809  bs_selcoff(39,1,1,4)
2810  bs_selcoff(39,1,1,5)
2811  bs_selcoff(40,1,1,1)
2812  bs_selcoff(40,1,1,2)
2813  bs_selcoff(40,1,1,3)
2814  bs_selcoff(40,1,1,4)
2815  bs_selcoff(40,1,1,5)
2816  bs_selcoff(41,1,1,1)
2817  bs_selcoff(41,1,1,2)
2818  bs_selcoff(41,1,1,3)
2819  bs_selcoff(41,1,1,4)
2820  bs_selcoff(41,1,1,5)
2761  recr
2762  recr
2763  recr
2764  recr
2765  recr
2766  recr
2767  recr
2768  recr
2769  recr
2770  recr
2771  recr
2772  recr
2773  recr
2774  recr
2775  recr
2776  recr
2777  recr
2778  recr
2779  recr
2780  recr
2781  recr
2782  recr
2783  recr
2784  recr
2785  recr
2786  recr
2787  recr
2788  recr
2789  recr
2790  recr
2791  recr
2792  recr
2793  recr
2794  recr
2795  recr
2796  recr
2797  recr
2798  recr
2799  recr
2800  recr
2801  recr
2802  recr
2803  recr
2804  recr
2805  recr
2806  recr
2807  recr
2808  recr
2809  recr
2810  recr
2811  recr
2812  recr
2813  recr
2814  recr
2815  recr
2816  recr
2817  recr
2818  recr
2819  recr
2820  recr
2821  recr
2822  recr
2823  recr
2824  recr
2825  recr
2826  recr
2827  recr
2828  recr
2829  recr
2830  recr
2831  recr
2832  recr
2833  recr
2834  recr
2835  recr
2836  recr
2837  recr
2838  recr
2839  recr
2840  recr
2841  recr
2842  recr
2843  recr
2844  recr
2845  recr
2846  recr
2847  recr
2848  recr
2849  recr
2850  recr
2851  recr
2852  recr
2853  recr
2854  recr
2855  recr
2856  recr
2857  recr
2858  recr
2859  recr
2860  recr
2861  recr
2862  recr
2863  recr
2864  recr
2865  recr
2866  recr
2867  recr
2868  recr
2869  recr
2870  recr
2871  recr
2872  recr
2873  recr
2874  recr
2875  recr
2876  recr
2877  recr
2878  recr
2879  recr
2880  recr
2881  recr
2882  recr
2883  recr
2884  recr
2885  recr
2886  recr
2887  recr
2888  recr
2889  recr
2890  recr
2891  recr
2892  recr
2893  recr
2894  recr
2895  recr
2896  recr
2897  recr
2898  recr
2899  recr
2900  recr
2901  recr
2902  recr
2903  recr
2904  recr
2905  recr
2906  recr
2907  recr
2908  recr
2909  recr
2910  recr
2911  recr
2912  recr
2913  recr
2914  recr
2915  recr
2916  recr
2917  recr
2918  recr
2919  recr
2920  recr
2921  recr
2922  recr
2923  recr
2924  recr
2925  recr
2926  recr
2927  recr
2928  recr
2929  recr
2930  recr
2931  recr
2932  recr
2933  recr
2934  recr
2935  recr
2936  recr
2937  recr
2938  recr
2939  recr
2940  recr
2941  recr
2942  recr
2943  recr
2944  recr
2945  recr
2946  recr
2947  recr
2948  recr
2949  recr
2950  recr
2951  recr
2952  recr
2953  recr
2954  recr
2955  recr
2956  recr
2957  recr
2958  recr
2959  recr
2960  recr
2961  recr
2962  recr
2963  recr
2964  recr
2965  recr
2966  recr
2967  recr
2968  recr
2969  recr
2970  recr
2971  recr
2972  recr
2973  recr
2974  recr
2975  recr
2976  recr
2977  recr
2978  recr
2979  recr
2980  recr
2981  recr
2982  recr
2983  recr
2984  recr
2985  recr
2986  recr
2987  recr
2988  recr
2989  recr
2990  recr
2991  recr
2992  recr
2993  recr
2994  recr
2995  recr
2996  recr
2997  recr
2998  recr
2999  recr
3000  recr
3001  recr
3002  recr
3003  recr
3004  recr
3005  recr
3006  recr
3007  recr
3008  recr
3009  recr
3010  recr
3011  recr
3012  recr
3013  recr
3014  recr
3015  recr
3016  recr
3017  recr
3018  recr
3019  recr
3020  recr
3021  recr
3022  recr
3023  recr
3024  recr
3025  recr
3026  recr
3027  recr
3028  recr
3029  recr
3030  recr
3031  recr
3032  recr
3033  recr
3034  totpop
3035  fish_pars(3)
3036  fish_pars(3)
3037  fish_pars(3)
3038  fish_pars(3)
3039  fish_pars(3)
3040  fish_pars(3)
3041  fish_pars(3)
3042  fish_pars(3)
3043  fish_pars(3)
3044  fish_pars(3)
3045  fish_pars(3)
3046  fish_pars(3)
3047  fish_pars(3)
3048  fish_pars(3)
3049  fish_pars(3)
3050  fish_pars(3)
3051  fish_pars(3)
3052  region_pars(1)
3053  region_pars(1)
3054  region_pars(1)
3055  region_pars(1)
3056  region_pars(1)
3057  region_pars(1)
3058  region_pars(1)
3059  region_pars(1)
3060  region_pars(1)
3061  sv(21)
3062  age_pars(5)
3063  vb_coff(1)
3064  vb_coff(2)
3065  vb_coff(3)
3066  var_coff(1)
3067  var_coff(2)
